WARNING  preprocessing.llm_preprocessor:llm_preprocessor.py:110 LLM input truncated: aaaaaaaaaa[TRUNCATED]
WARNING  preprocessing.llm_preprocessor:llm_preprocessor.py:103 LLM input rejected due to non-printable ratio 0.87
INFO     agents.action_agent:action_agent.py:119 {"positional_args": ["Generated 2 predictions."], "event": "Notification: %s", "timestamp": "2025-11-14T03:13:02.217811Z", "level": "info"}
INFO     agents.action_agent:action_agent.py:88 {"positional_args": [["notification_sent", "record_saved"]], "event": "Action agent executed actions: %s", "timestamp": "2025-11-14T03:13:02.225879Z", "level": "info"}
WARNING  chatbot.intent_parser:intent_parser.py:106 LLM unavailable: model not loaded
WARNING  chatbot.intent_parser:intent_parser.py:106 LLM unavailable: model not loaded
WARNING  chatbot.intent_parser:intent_parser.py:106 LLM unavailable: model not loaded
WARNING  chatbot.intent_parser:intent_parser.py:106 LLM unavailable: model not loaded
WARNING  chatbot.intent_parser:intent_parser.py:106 LLM unavailable: model not loaded
WARNING  chatbot.intent_parser:intent_parser.py:106 LLM unavailable: model not loaded
INFO     botocore.credentials:credentials.py:1224 Found credentials in environment variables.
INFO     httpx:_client.py:1025 HTTP Request: GET http://testserver/healthz "HTTP/1.1 200 OK"
INFO     orchestration.analysis_router:analysis_router.py:34 {"decision": "no_model", "reason_code": "not_modelable", "event": "analysis_route", "timestamp": "2025-11-14T03:13:12.162415Z", "level": "info"}
INFO     modeling.analyzers.descriptive:descriptive.py:24 Running DescriptiveAnalyzer
INFO     metrics:logging.py:76 {"source": "DescriptiveAnalyzer", "metrics": {"num_rows": 5, "num_columns": 2}, "event": "metrics", "timestamp": "2025-11-14T03:13:12.165519Z", "level": "info"}
INFO     root:semantic_enricher.py:54 Data pre-processing completed
WARNING  huggingface_hub.file_download:file_download.py:1729 Xet Storage is enabled for this repo, but the 'hf_xet' package is not installed. Falling back to regular HTTP download. For better performance, install the package with: `pip install huggingface_hub[hf_xet]` or `pip install hf_xet`
INFO     agents.action_agent:action_agent.py:119 {"positional_args": ["Generated 3 predictions."], "event": "Notification: %s", "timestamp": "2025-11-14T03:14:47.829521Z", "level": "info"}
INFO     agents.action_agent:action_agent.py:88 {"positional_args": [["notification_sent", "record_saved"]], "event": "Action agent executed actions: %s", "timestamp": "2025-11-14T03:14:47.833505Z", "level": "info"}
INFO     orchestration.analysis_router:analysis_router.py:84 {"decision": "baseline", "reason_code": "too_many_rows", "n_rows": 26000, "allow_full": true, "strong_hint": false, "heuristic": false, "event": "analysis_route", "timestamp": "2025-11-14T03:14:47.852327Z", "level": "info"}
INFO     modeling.analyzers.descriptive:descriptive.py:24 Running DescriptiveAnalyzer
INFO     metrics:logging.py:76 {"source": "DescriptiveAnalyzer", "metrics": {"num_rows": 26000, "num_columns": 6}, "event": "metrics", "timestamp": "2025-11-14T03:14:47.870485Z", "level": "info"}
INFO     orchestration.analysis_router:analysis_router.py:34 {"decision": "no_model", "reason_code": "not_modelable", "event": "analysis_route", "timestamp": "2025-11-14T03:14:47.880749Z", "level": "info"}
INFO     modeling.analyzers.descriptive:descriptive.py:24 Running DescriptiveAnalyzer
INFO     metrics:logging.py:76 {"source": "DescriptiveAnalyzer", "metrics": {"num_rows": 5, "num_columns": 2}, "event": "metrics", "timestamp": "2025-11-14T03:14:47.884382Z", "level": "info"}
WARNING  chatbot.intent_parser:intent_parser.py:106 LLM unavailable: model not loaded
WARNING  chatbot.intent_parser:intent_parser.py:106 LLM unavailable: model not loaded
WARNING  chatbot.intent_parser:intent_parser.py:106 LLM unavailable: model not loaded
WARNING  chatbot.intent_parser:intent_parser.py:106 LLM unavailable: model not loaded
WARNING  chatbot.intent_parser:intent_parser.py:106 LLM unavailable: model not loaded
WARNING  chatbot.intent_parser:intent_parser.py:106 LLM unavailable: model not loaded
INFO     intent:logging.py:72 {"query": "Show the average sales", "modeling_required": false, "reasoning": "desc", "event": "intent_decision", "timestamp": "2025-11-14T03:14:47.900648Z", "level": "info"}
INFO     intent:logging.py:72 {"query": "Predict sales", "modeling_required": true, "reasoning": "because", "modeling_type": "regression", "event": "intent_decision", "timestamp": "2025-11-14T03:14:47.902866Z", "level": "info"}
WARNING  chatbot.intent_parser:intent_parser.py:123 LLM classification failed: fail
